// Jest Snapshot v1, https://goo.gl/fbAQLP

exports[`<HomePage /> snapshot 1`] = `
<div>
  <h2>
    Home
  </h2>
</div>
`;
